// Jest Snapshot v1, https://goo.gl/fbAQLP

exports[`<Form /> Styled Component Should be Form styles ready 1`] = `
.c0 {
  display: -webkit-box;
  display: -webkit-flex;
  display: -ms-flexbox;
  display: flex;
  -webkit-box-pack: center;
  -webkit-justify-content: center;
  -ms-flex-pack: center;
  justify-content: center;
  margin: auto;
  -webkit-flex-direction: column;
  -ms-flex-direction: column;
  flex-direction: column;
  -webkit-align-items: center;
  -webkit-box-align: center;
  -ms-flex-align: center;
  align-items: center;
  width: 80%;
  height: 350px;
  gap: 20px;
}

.c0 label {
  font-family: "Didact Gothic",sans-serif;
  -webkit-letter-spacing: 2px;
  -moz-letter-spacing: 2px;
  -ms-letter-spacing: 2px;
  letter-spacing: 2px;
}

.c0 label a {
  font-size: 13px;
  text-align: right;
  font-weight: bold;
}

<form
  className="c0"
/>
`;

exports[`<Form /> Styled Component Should be FormGroup styles ready 1`] = `
.c0 {
  position: relative;
}

.c0 .bar:before {
  left: 50%;
}

.c0 .bar:after {
  right: 50%;
}

.c0 .bar:before,
.c0 .bar:after {
  content: '';
  height: 2px;
  width: 0;
  bottom: 1px;
  position: absolute;
  background: #155db1;
  -webkit-transition: 0.2s ease all;
  transition: 0.2s ease all;
}

.c0 label {
  color: #999;
  font-size: 18px;
  font-weight: normal;
  position: absolute;
  pointer-events: none;
  left: 5px;
  top: 10px;
  display: -webkit-box;
  display: -webkit-flex;
  display: -ms-flexbox;
  display: flex;
}

<div
  className="c0"
/>
`;

exports[`<Form /> Styled Component Should be Input styles ready 1`] = `
.c0 {
  font-size: 17px;
  padding: 10px 10px 10px 5px;
  display: block;
  width: 200px;
  border: none;
  border-bottom: 1px solid #d4a413;
  background: transparent;
}

.c0 .name {
  border: 1px solid red;
}

.c0:focus {
  outline: none;
  border-bottom: none;
}

.c0:focus ~ label .label-char {
  -webkit-transform: translateY(-20px);
  -ms-transform: translateY(-20px);
  transform: translateY(-20px);
  font-size: 16px;
  color: #155db1;
}

.c0:focus ~ .bar:before,
.c0:focus ~ .bar:after {
  width: 50%;
}

<input
  className="c0"
/>
`;
